exports[`App does a snapshot check 1`] = `
<div>
  <div
    className="SearchBox">
    <button
      style={
        Object {
          "color": "red",
        }
      }>
      Confirm
    </button>
    <input
      id="in-stock-textbox"
      onChange={[Function]}
      placeholder="Search..."
      type="text"
      value="" />
    <p>
      <input
        checked={false}
        id="in-stock-checkbox"
        onClick={[Function]}
        type="checkbox" />
      Only show products in stock
    </p>
  </div>
  <table>
    <thead>
      <tr>
        <td>
          Name
        </td>
        <td>
          Price
        </td>
      </tr>
    </thead>
    <tbody />
  </table>
  <p
    id="total-box">
    0
  </p>
  <button
    id="edit-button"
    onClick={[Function]} />
</div>
`;
