// Jest Snapshot v1, https://goo.gl/fbAQLP

exports[`App does a snapshot check 1`] = `
<div>
  <div
    className="SearchBox"
  >
    <button
      style={
        Object {
          "color": "red",
        }
      }
    >
      Confirm
    </button>
    <input
      id="in-stock-textbox"
      onChange={[Function]}
      placeholder="Search..."
      type="text"
      value=""
    />
    <p>
      <input
        checked={false}
        id="in-stock-checkbox"
        onClick={[Function]}
        type="checkbox"
      />
      Only show products in stock
    </p>
  </div>
  <table>
    <thead>
      <tr>
        <td>
          Name
        </td>
        <td>
          Price
        </td>
      </tr>
    </thead>
    <tbody>
      <tr>
        <td
          colSpan="2"
        >
          <strong>
            Sporting Goods
          </strong>
        </td>
      </tr>
      <tr
        className="product"
        style={
          Object {
            "color": "black",
          }
        }
      >
        <td>
          <input
            checked={false}
            id="sporting-goods-football"
            onChange={[Function]}
            type="checkbox"
          />
          Football
        </td>
        <td>
          $
          49.99
        </td>
      </tr>
      <tr
        className="product"
        style={
          Object {
            "color": "black",
          }
        }
      >
        <td>
          <input
            checked={false}
            id="sporting-goods-baseball"
            onChange={[Function]}
            type="checkbox"
          />
          Baseball
        </td>
        <td>
          $
          9.99
        </td>
      </tr>
      <tr
        className="product"
        style={
          Object {
            "color": "red",
          }
        }
      >
        <td>
          <input
            checked={false}
            id="sporting-goods-basketball"
            onChange={[Function]}
            type="checkbox"
          />
          Basketball
        </td>
        <td>
          $
          29.99
        </td>
      </tr>
      <tr>
        <td
          colSpan="2"
        >
          <strong>
            Electronics
          </strong>
        </td>
      </tr>
      <tr
        className="product"
        style={
          Object {
            "color": "black",
          }
        }
      >
        <td>
          <input
            checked={false}
            id="electronics-ipod-touch"
            onChange={[Function]}
            type="checkbox"
          />
          iPod Touch
        </td>
        <td>
          $
          99.99
        </td>
      </tr>
      <tr
        className="product"
        style={
          Object {
            "color": "red",
          }
        }
      >
        <td>
          <input
            checked={false}
            id="electronics-iphone-5"
            onChange={[Function]}
            type="checkbox"
          />
          iPhone 5
        </td>
        <td>
          $
          399.99
        </td>
      </tr>
      <tr
        className="product"
        style={
          Object {
            "color": "black",
          }
        }
      >
        <td>
          <input
            checked={false}
            id="electronics-nexus-7"
            onChange={[Function]}
            type="checkbox"
          />
          Nexus 7
        </td>
        <td>
          $
          199.99
        </td>
      </tr>
    </tbody>
  </table>
  <p
    id="total-box"
  >
    0
  </p>
</div>
`;
