exports[`ProductRow does a snapshot check 1`] = `
<tr
  className="product"
  style={
    Object {
      "color": "black",
    }
  }>
  <td
    style={
      Object {
        "width": "100px",
      }
    }>
    <button
      className="btn btn-default"
      disabled={false}
      id="electronics-iphone-6"
      onClick={[Function]}
      type="button">
      Select
    </button>
  </td>
  <td>
    iphone 6
  </td>
  <td>
    $
    121
  </td>
</tr>
`;
