exports[`ProductData does a snapshot check 1`] = `
<tbody>
  <tr>
    <td
      colSpan="3">
      <strong>
        things
      </strong>
    </td>
  </tr>
  <tr
    className="product"
    style={
      Object {
        "color": "red",
      }
    }>
    <td
      style={
        Object {
          "width": "100px",
        }
      }>
      <button
        className="btn btn-default"
        disabled={false}
        id="things-bigthing"
        onClick={[Function]}
        type="button">
        Select
      </button>
    </td>
    <td>
      bigThing
    </td>
    <td>
      $
      99.99
    </td>
  </tr>
  <tr
    className="product"
    style={
      Object {
        "color": "black",
      }
    }>
    <td
      style={
        Object {
          "width": "100px",
        }
      }>
      <button
        className="btn btn-default"
        disabled={false}
        id="things-littlething"
        onClick={[Function]}
        type="button">
        Select
      </button>
    </td>
    <td>
      littleThing
    </td>
    <td>
      $
      9.99
    </td>
  </tr>
  <tr>
    <td
      colSpan="3">
      <strong>
        stuff
      </strong>
    </td>
  </tr>
  <tr
    className="product"
    style={
      Object {
        "color": "black",
      }
    }>
    <td
      style={
        Object {
          "width": "100px",
        }
      }>
      <button
        className="btn btn-default"
        disabled={false}
        id="stuff-junkything"
        onClick={[Function]}
        type="button">
        Select
      </button>
    </td>
    <td>
      junkyThing
    </td>
    <td>
      $
      1.99
    </td>
  </tr>
</tbody>
`;
